// Jest Snapshot v1, https://goo.gl/fbAQLP

exports[`The onboarding swiper should render with a fragment as a child 1`] = `
<Swiper
  activeDot={
    <SafeAreaView>
      <Unknown />
    </SafeAreaView>
  }
  dot={
    <SafeAreaView>
      <Unknown />
    </SafeAreaView>
  }
  loadMinimal={true}
  loop={false}
  onIndexChanged={[Function]}
  showsButtons={false}
  userVersion={0}
/>
`;

exports[`The onboarding swiper should render with an array as a child 1`] = `
<Swiper
  activeDot={
    <SafeAreaView>
      <Unknown />
    </SafeAreaView>
  }
  dot={
    <SafeAreaView>
      <Unknown />
    </SafeAreaView>
  }
  loadMinimal={true}
  loop={false}
  onIndexChanged={[Function]}
  showsButtons={false}
  userVersion={0}
/>
`;
