// Jest Snapshot v1, https://goo.gl/fbAQLP

exports[`Test of the ContentSingle Query Component Should return the results for Content Single Minimal State 1`] = `
<RCTScrollView>
  <View>
    <View
      style={
        Object {
          "backgroundColor": "#A5A5A5",
          "width": "100%",
        }
      }
    >
      <Image
        onLoad={[Function]}
        source={Array []}
        style={
          Object {
            "backgroundColor": "#A5A5A5",
            "opacity": 0,
            "resizeMode": "cover",
            "width": "100%",
          }
        }
      />
    </View>
    <BVLinearGradient
      colors={
        Array [
          4294967295,
          4294506484,
        ]
      }
      locations={null}
      style={
        Object {
          "flex": 1,
        }
      }
    >
      <View
        style={
          Object {
            "paddingHorizontal": 20,
            "paddingVertical": 0,
          }
        }
      >
        <View
          style={
            Object {
              "alignSelf": "stretch",
              "backgroundColor": "#A5A5A5",
              "borderRadius": 6,
              "height": 36,
              "marginBottom": 25.92,
              "marginTop": 38.88,
              "marginVertical": 2.6999999999999993,
              "width": "100%",
            }
          }
        />
        <View>
          <View
            style={
              Object {
                "alignSelf": "stretch",
                "backgroundColor": "#A5A5A5",
                "borderRadius": 6,
                "height": 16,
                "marginVertical": 5,
                "width": "85%",
              }
            }
          />
          <View
            style={
              Object {
                "alignSelf": "stretch",
                "backgroundColor": "#A5A5A5",
                "borderRadius": 6,
                "height": 16,
                "marginVertical": 5,
                "width": "100%",
              }
            }
          />
          <View
            style={
              Object {
                "alignSelf": "stretch",
                "backgroundColor": "#A5A5A5",
                "borderRadius": 6,
                "height": 16,
                "marginVertical": 5,
                "width": "100%",
              }
            }
          />
          <View
            style={
              Object {
                "alignSelf": "stretch",
                "backgroundColor": "#A5A5A5",
                "borderRadius": 6,
                "height": 16,
                "marginVertical": 5,
                "width": "100%",
              }
            }
          />
          <View
            style={
              Object {
                "alignSelf": "stretch",
                "backgroundColor": "#A5A5A5",
                "borderRadius": 6,
                "height": 16,
                "marginVertical": 5,
                "width": "100%",
              }
            }
          />
          <View
            style={
              Object {
                "alignSelf": "stretch",
                "backgroundColor": "#A5A5A5",
                "borderRadius": 6,
                "height": 16,
                "marginVertical": 5,
                "width": "100%",
              }
            }
          />
          <View
            style={
              Object {
                "alignSelf": "stretch",
                "backgroundColor": "#A5A5A5",
                "borderRadius": 6,
                "height": 16,
                "marginVertical": 5,
                "width": "100%",
              }
            }
          />
          <View
            style={
              Object {
                "alignSelf": "stretch",
                "backgroundColor": "#A5A5A5",
                "borderRadius": 6,
                "height": 16,
                "marginVertical": 5,
                "width": "75%",
              }
            }
          />
        </View>
      </View>
    </BVLinearGradient>
    <View
      style={
        Object {
          "paddingHorizontal": 0,
          "paddingVertical": 20,
        }
      }
    >
      <RCTScrollView
        data={
          Array [
            Object {
              "id": "fakeId0",
              "node": Object {
                "id": "fakeId0",
                "isLoading": true,
                "title": "",
              },
            },
            Object {
              "id": "fakeId1",
              "node": Object {
                "id": "fakeId0",
                "isLoading": true,
                "title": "",
              },
            },
            Object {
              "id": "fakeId2",
              "node": Object {
                "id": "fakeId0",
                "isLoading": true,
                "title": "",
              },
            },
            Object {
              "id": "fakeId3",
              "node": Object {
                "id": "fakeId0",
                "isLoading": true,
                "title": "",
              },
            },
            Object {
              "id": "fakeId4",
              "node": Object {
                "id": "fakeId0",
                "isLoading": true,
                "title": "",
              },
            },
          ]
        }
        decelerationRate="fast"
        disableVirtualization={false}
        fetchMore={[Function]}
        getItem={[Function]}
        getItemCount={[Function]}
        horizontal={true}
        initialNumToRender={10}
        initialScrollIndex={0}
        keyExtractor={[Function]}
        loadingStateObject={
          Object {
            "node": Object {
              "id": "fakeId0",
              "isLoading": true,
              "title": "",
            },
          }
        }
        maxToRenderPerBatch={10}
        numColumns={1}
        onContentSizeChange={[Function]}
        onEndReachedThreshold={2}
        onLayout={[Function]}
        onMomentumScrollEnd={[Function]}
        onScroll={[Function]}
        onScrollBeginDrag={[Function]}
        onScrollEndDrag={[Function]}
        refreshing={true}
        renderItem={[Function]}
        scrollEventThrottle={50}
        showsHorizontalScrollIndicator={false}
        snapToAlignment="start"
        snapToInterval={590}
        stickyHeaderIndices={Array []}
        style={
          Object {
            "height": 600,
            "paddingBottom": 10,
            "paddingHorizontal": 10,
          }
        }
        tileHeight={600}
        updateCellsBatchingPeriod={50}
        viewabilityConfigCallbackPairs={Array []}
        windowSize={21}
      >
        <View>
          <View
            onLayout={[Function]}
            style={
              Array [
                Object {
                  "flexDirection": "row",
                },
                null,
              ]
            }
          >
            <View
              collapsable={false}
              style={
                Object {
                  "padding": 10,
                }
              }
            >
              <View
                accessible={true}
                onResponderGrant={[Function]}
                onResponderMove={[Function]}
                onResponderRelease={[Function]}
                onResponderTerminate={[Function]}
                onResponderTerminationRequest={[Function]}
                onStartShouldSetResponder={[Function]}
                style={
                  Object {
                    "aspectRatio": 1,
                    "backgroundColor": "#A5A5A5",
                    "borderRadius": 6,
                    "height": "100%",
                  }
                }
              >
                <View
                  style={
                    Object {
                      "borderRadius": 6,
                      "bottom": 0,
                      "justifyContent": "center",
                      "left": 0,
                      "overflow": "hidden",
                      "position": "absolute",
                      "right": 0,
                      "top": 0,
                    }
                  }
                >
                  <View
                    size={1}
                    style={
                      Object {
                        "alignItems": "center",
                        "backgroundColor": "#FFFFFF",
                        "borderBottomRightRadius": 6,
                        "borderTopLeftRadius": 6,
                        "height": 32,
                        "justifyContent": "center",
                        "left": 0,
                        "position": "absolute",
                        "top": 0,
                        "width": 32,
                      }
                    }
                  >
                    <View>
                      <Text
                        accessible={true}
                        allowFontScaling={true}
                        ellipsizeMode="tail"
                        style={
                          Object {
                            "color": "#303030",
                            "fontFamily": "InterUI-Medium",
                            "fontSize": 14,
                            "lineHeight": 20.16,
                          }
                        }
                      >
                        1
                      </Text>
                    </View>
                  </View>
                  <View
                    style={
                      Object {
                        "paddingHorizontal": 20,
                        "paddingVertical": 15,
                      }
                    }
                  >
                    <Text
                      accessible={true}
                      allowFontScaling={true}
                      ellipsizeMode="tail"
                      style={
                        Object {
                          "color": "#303030",
                          "fontFamily": "InterUI-Black",
                          "fontSize": 24,
                          "lineHeight": 27.6,
                        }
                      }
                    >
                      
                    </Text>
                  </View>
                </View>
              </View>
            </View>
          </View>
          <View
            onLayout={[Function]}
            style={
              Array [
                Object {
                  "flexDirection": "row",
                },
                null,
              ]
            }
          >
            <View
              collapsable={false}
              style={
                Object {
                  "padding": 10,
                }
              }
            >
              <View
                accessible={true}
                onResponderGrant={[Function]}
                onResponderMove={[Function]}
                onResponderRelease={[Function]}
                onResponderTerminate={[Function]}
                onResponderTerminationRequest={[Function]}
                onStartShouldSetResponder={[Function]}
                style={
                  Object {
                    "aspectRatio": 1,
                    "backgroundColor": "#A5A5A5",
                    "borderRadius": 6,
                    "height": "100%",
                  }
                }
              >
                <View
                  style={
                    Object {
                      "borderRadius": 6,
                      "bottom": 0,
                      "justifyContent": "center",
                      "left": 0,
                      "overflow": "hidden",
                      "position": "absolute",
                      "right": 0,
                      "top": 0,
                    }
                  }
                >
                  <View
                    size={1}
                    style={
                      Object {
                        "alignItems": "center",
                        "backgroundColor": "#FFFFFF",
                        "borderBottomRightRadius": 6,
                        "borderTopLeftRadius": 6,
                        "height": 32,
                        "justifyContent": "center",
                        "left": 0,
                        "position": "absolute",
                        "top": 0,
                        "width": 32,
                      }
                    }
                  >
                    <View>
                      <Text
                        accessible={true}
                        allowFontScaling={true}
                        ellipsizeMode="tail"
                        style={
                          Object {
                            "color": "#303030",
                            "fontFamily": "InterUI-Medium",
                            "fontSize": 14,
                            "lineHeight": 20.16,
                          }
                        }
                      >
                        2
                      </Text>
                    </View>
                  </View>
                  <View
                    style={
                      Object {
                        "paddingHorizontal": 20,
                        "paddingVertical": 15,
                      }
                    }
                  >
                    <Text
                      accessible={true}
                      allowFontScaling={true}
                      ellipsizeMode="tail"
                      style={
                        Object {
                          "color": "#303030",
                          "fontFamily": "InterUI-Black",
                          "fontSize": 24,
                          "lineHeight": 27.6,
                        }
                      }
                    >
                      
                    </Text>
                  </View>
                </View>
              </View>
            </View>
          </View>
          <View
            onLayout={[Function]}
            style={
              Array [
                Object {
                  "flexDirection": "row",
                },
                null,
              ]
            }
          >
            <View
              collapsable={false}
              style={
                Object {
                  "padding": 10,
                }
              }
            >
              <View
                accessible={true}
                onResponderGrant={[Function]}
                onResponderMove={[Function]}
                onResponderRelease={[Function]}
                onResponderTerminate={[Function]}
                onResponderTerminationRequest={[Function]}
                onStartShouldSetResponder={[Function]}
                style={
                  Object {
                    "aspectRatio": 1,
                    "backgroundColor": "#A5A5A5",
                    "borderRadius": 6,
                    "height": "100%",
                  }
                }
              >
                <View
                  style={
                    Object {
                      "borderRadius": 6,
                      "bottom": 0,
                      "justifyContent": "center",
                      "left": 0,
                      "overflow": "hidden",
                      "position": "absolute",
                      "right": 0,
                      "top": 0,
                    }
                  }
                >
                  <View
                    size={1}
                    style={
                      Object {
                        "alignItems": "center",
                        "backgroundColor": "#FFFFFF",
                        "borderBottomRightRadius": 6,
                        "borderTopLeftRadius": 6,
                        "height": 32,
                        "justifyContent": "center",
                        "left": 0,
                        "position": "absolute",
                        "top": 0,
                        "width": 32,
                      }
                    }
                  >
                    <View>
                      <Text
                        accessible={true}
                        allowFontScaling={true}
                        ellipsizeMode="tail"
                        style={
                          Object {
                            "color": "#303030",
                            "fontFamily": "InterUI-Medium",
                            "fontSize": 14,
                            "lineHeight": 20.16,
                          }
                        }
                      >
                        3
                      </Text>
                    </View>
                  </View>
                  <View
                    style={
                      Object {
                        "paddingHorizontal": 20,
                        "paddingVertical": 15,
                      }
                    }
                  >
                    <Text
                      accessible={true}
                      allowFontScaling={true}
                      ellipsizeMode="tail"
                      style={
                        Object {
                          "color": "#303030",
                          "fontFamily": "InterUI-Black",
                          "fontSize": 24,
                          "lineHeight": 27.6,
                        }
                      }
                    >
                      
                    </Text>
                  </View>
                </View>
              </View>
            </View>
          </View>
          <View
            onLayout={[Function]}
            style={
              Array [
                Object {
                  "flexDirection": "row",
                },
                null,
              ]
            }
          >
            <View
              collapsable={false}
              style={
                Object {
                  "padding": 10,
                }
              }
            >
              <View
                accessible={true}
                onResponderGrant={[Function]}
                onResponderMove={[Function]}
                onResponderRelease={[Function]}
                onResponderTerminate={[Function]}
                onResponderTerminationRequest={[Function]}
                onStartShouldSetResponder={[Function]}
                style={
                  Object {
                    "aspectRatio": 1,
                    "backgroundColor": "#A5A5A5",
                    "borderRadius": 6,
                    "height": "100%",
                  }
                }
              >
                <View
                  style={
                    Object {
                      "borderRadius": 6,
                      "bottom": 0,
                      "justifyContent": "center",
                      "left": 0,
                      "overflow": "hidden",
                      "position": "absolute",
                      "right": 0,
                      "top": 0,
                    }
                  }
                >
                  <View
                    size={1}
                    style={
                      Object {
                        "alignItems": "center",
                        "backgroundColor": "#FFFFFF",
                        "borderBottomRightRadius": 6,
                        "borderTopLeftRadius": 6,
                        "height": 32,
                        "justifyContent": "center",
                        "left": 0,
                        "position": "absolute",
                        "top": 0,
                        "width": 32,
                      }
                    }
                  >
                    <View>
                      <Text
                        accessible={true}
                        allowFontScaling={true}
                        ellipsizeMode="tail"
                        style={
                          Object {
                            "color": "#303030",
                            "fontFamily": "InterUI-Medium",
                            "fontSize": 14,
                            "lineHeight": 20.16,
                          }
                        }
                      >
                        4
                      </Text>
                    </View>
                  </View>
                  <View
                    style={
                      Object {
                        "paddingHorizontal": 20,
                        "paddingVertical": 15,
                      }
                    }
                  >
                    <Text
                      accessible={true}
                      allowFontScaling={true}
                      ellipsizeMode="tail"
                      style={
                        Object {
                          "color": "#303030",
                          "fontFamily": "InterUI-Black",
                          "fontSize": 24,
                          "lineHeight": 27.6,
                        }
                      }
                    >
                      
                    </Text>
                  </View>
                </View>
              </View>
            </View>
          </View>
          <View
            onLayout={[Function]}
            style={
              Array [
                Object {
                  "flexDirection": "row",
                },
                null,
              ]
            }
          >
            <View
              collapsable={false}
              style={
                Object {
                  "padding": 10,
                }
              }
            >
              <View
                accessible={true}
                onResponderGrant={[Function]}
                onResponderMove={[Function]}
                onResponderRelease={[Function]}
                onResponderTerminate={[Function]}
                onResponderTerminationRequest={[Function]}
                onStartShouldSetResponder={[Function]}
                style={
                  Object {
                    "aspectRatio": 1,
                    "backgroundColor": "#A5A5A5",
                    "borderRadius": 6,
                    "height": "100%",
                  }
                }
              >
                <View
                  style={
                    Object {
                      "borderRadius": 6,
                      "bottom": 0,
                      "justifyContent": "center",
                      "left": 0,
                      "overflow": "hidden",
                      "position": "absolute",
                      "right": 0,
                      "top": 0,
                    }
                  }
                >
                  <View
                    size={1}
                    style={
                      Object {
                        "alignItems": "center",
                        "backgroundColor": "#FFFFFF",
                        "borderBottomRightRadius": 6,
                        "borderTopLeftRadius": 6,
                        "height": 32,
                        "justifyContent": "center",
                        "left": 0,
                        "position": "absolute",
                        "top": 0,
                        "width": 32,
                      }
                    }
                  >
                    <View>
                      <Text
                        accessible={true}
                        allowFontScaling={true}
                        ellipsizeMode="tail"
                        style={
                          Object {
                            "color": "#303030",
                            "fontFamily": "InterUI-Medium",
                            "fontSize": 14,
                            "lineHeight": 20.16,
                          }
                        }
                      >
                        5
                      </Text>
                    </View>
                  </View>
                  <View
                    style={
                      Object {
                        "paddingHorizontal": 20,
                        "paddingVertical": 15,
                      }
                    }
                  >
                    <Text
                      accessible={true}
                      allowFontScaling={true}
                      ellipsizeMode="tail"
                      style={
                        Object {
                          "color": "#303030",
                          "fontFamily": "InterUI-Black",
                          "fontSize": 24,
                          "lineHeight": 27.6,
                        }
                      }
                    >
                      
                    </Text>
                  </View>
                </View>
              </View>
            </View>
          </View>
        </View>
      </RCTScrollView>
    </View>
  </View>
</RCTScrollView>
`;
